0           x0	zero
x           x1	ra
x           x2	sp
x           x3	gp
x           x4	tp
x           x5	t0
x           x6	t1
x           x7	t2
x           x8	s0
x           x9	s1
1           x10	a0
4294967295  x11	a1
4           x12	a2
2047        x13	a3
3           x14	a4
1           x15	a5
2052        x16	a6
401408      x17	a7
80          x18	s2
x           x19	s3
x           x20	s4
x           x21	s5
x           x22	s6
x           x23	s7
x           x24	s8
x           x25	s9
x           x26	s10
x           x27	s11
x           x28	t3
x           x29	t4
x           x30	t5
x           x31	t6